Command: /home/users/hsiangc/cs217/CS217_Final_Project/hls/Top/./Catapult/Top.v1/scverify/concat_sim_Top_v_vcs/sc_mainpwr -systemcrun -verilogrun -cm assert -ucli -ucli2Proc -i ./Catapult/Top.v1/scverify/concat_sim_Top_v_vcs/scverify_vcs_wave.tcl -l ./Catapult/Top.v1/scverify/concat_sim_Top_v_vcs/sim.log
Chronologic VCS simulator copyright 1991-2023
Contains Synopsys proprietary information.
Compiler version U-2023.03_Full64; Runtime version U-2023.03_Full64;  Mar  9 00:14 2026
Connections Clock: tb.clk Period: 1 ns
ucli% # Source static function file
ucli% global env
ucli% # Source the common TCL file (that also reads the wave database file)
ucli% source $env(MGC_HOME)/pkgs/sif/userware/En_na/flows/vcs_funcs.tcl
ucli% read_ccs_wave ./Catapult/Top.v1/scverify/ccs_wave_signals.dat
Reading SCVerify waveform database './Catapult/Top.v1/scverify/ccs_wave_signals.dat'
ucli% setup_vcd_file ./Catapult/Top.v1/.dut_inst_info.tcl
DUT Instance Path = sc_main.tb.dut.ccs_rtl.dut_inst
Preparing to write FSDB file ./default.fsdb...
ucli% populate_wave_window
ucli% if { ("0" != {}) && [file exists "0"] } {
   source "0"
}
ucli% # If not running in GUI mode, run the entire simulation
ucli% if { ![gui_is_active] } {
   do_simulation_run
}
Running up to VCD start time: '0 ns'
run 0 ns
sysc_skeleton.v, 391 : (*vcs_systemc_2,vcs_systemc_skel*) module sc_main;
Turning FSDB on
*Verdi* Loading libsscore_vcs202303.so
*Verdi* : Loading SystemC dumping library libsscore_vcs202303_sc233_gcc920.so.
*Verdi* : Env. FSDB_VCS_RD_SC_VALPTR_PROTECT=1(1) was set.
FSDB Dumper for VCS, Release Verdi_V-2023.12-SP2-4, Linux x86_64/64bit, 11/18/2024
(C) 1996 - 2024 by Synopsys, Inc.
*Verdi* : Create FSDB file './default.fsdb'
*Verdi* : Begin traversing the scopes, layer (0).
*Verdi* : End of traversing.
fsdbDumpvars 0 sc_main.tb.dut.ccs_rtl.dut_inst
*Verdi* : Begin traversing the scope (sc_main.tb.dut.ccs_rtl.dut_inst), layer (0).
*Verdi* : End of traversing.
*Verdi* : fsdbDumpon - All FSDB files at 0 ps.
Continuing to VCD end time: 'end'
run -all
@2 ns Asserting reset
@4 ns De-Asserting reset
289 ns - Interrupt signal issued!
290 ns - Interrupt signal issued!
291 ns - Interrupt signal issued!
292 ns - Interrupt signal issued!
293 ns - Interrupt signal issued!
294 ns - Interrupt signal issued!
295 ns - Interrupt signal issued!
296 ns - Interrupt signal issued!
297 ns - Interrupt signal issued!
298 ns - Interrupt signal issued!
320 ns - Interrupt signal issued!
321 ns - Interrupt signal issued!
322 ns - Interrupt signal issued!
323 ns - Interrupt signal issued!
324 ns - Interrupt signal issued!
325 ns - Interrupt signal issued!
326 ns - Interrupt signal issued!
327 ns - Interrupt signal issued!
328 ns - Interrupt signal issued!
329 ns - Interrupt signal issued!
393 ns Manager has finished issuing AXI Writes
TESTBENCH PASS
"concat_sim_Top.v", 13223: sc_main.tb.dut.ccs_rtl.dut_inst.PEPartition_1.pemodule_inst.act_inst.ActUnit_ActUnitRun_inst.ActUnit_ActUnitRun_mem_array_h_ln146_assert_bank_sel_lt_NumBanks_and_bankindexoutofbounds: Antecedent of the implication never satisfied.
"concat_sim_Top.v", 13229: sc_main.tb.dut.ccs_rtl.dut_inst.PEPartition_1.pemodule_inst.act_inst.ActUnit_ActUnitRun_inst.ActUnit_ActUnitRun_mem_array_h_ln147_assert_idx_lt_NumEntriesPerBank_and_localindexoutofbounds: Antecedent of the implication never satisfied.
"concat_sim_Top.v", 13234: sc_main.tb.dut.ccs_rtl.dut_inst.PEPartition_1.pemodule_inst.act_inst.ActUnit_ActUnitRun_inst.ActUnit_ActUnitRun_ArbitratedScratchpadDP_h_ln196_assert_bankread_req_validOS_bank_CS_eq_false_and_Bankreadandwritevalidcannotbetruesimultaneouslyforsingle_m_portRAM: Antecedent of the implication never satisfied.
"concat_sim_Top.v", 13240: sc_main.tb.dut.ccs_rtl.dut_inst.PEPartition_1.pemodule_inst.act_inst.ActUnit_ActUnitRun_inst.ActUnit_ActUnitRun_mem_array_h_ln126_assert_bank_sel_lt_NumBanks_and_bankindexoutofbounds: Antecedent of the implication never satisfied.
"concat_sim_Top.v", 13245: sc_main.tb.dut.ccs_rtl.dut_inst.PEPartition_1.pemodule_inst.act_inst.ActUnit_ActUnitRun_inst.ActUnit_ActUnitRun_mem_array_h_ln127_assert_idx_lt_NumEntriesPerBank_and_localindexoutofbounds: Antecedent of the implication never satisfied.
"concat_sim_Top.v", 91989: sc_main.tb.dut.ccs_rtl.dut_inst.PEPartition_1.pemodule_inst.pecore_inst.PECore_PECoreRun_inst.weight_mem_banks_load_store_for_1_PECore_PECoreRun_mem_array_h_ln126_assert_bank_sel_lt_NumBanks_and_bankindexoutofbounds: Antecedent of the implication never satisfied.
"concat_sim_Top.v", 91994: sc_main.tb.dut.ccs_rtl.dut_inst.PEPartition_1.pemodule_inst.pecore_inst.PECore_PECoreRun_inst.weight_mem_banks_load_store_for_1_PECore_PECoreRun_mem_array_h_ln127_assert_idx_lt_NumEntriesPerBank_and_localindexoutofbounds: Antecedent of the implication never satisfied.
"concat_sim_Top.v", 92016: sc_main.tb.dut.ccs_rtl.dut_inst.PEPartition_1.pemodule_inst.pecore_inst.PECore_PECoreRun_inst.weight_mem_banks_load_store_for_2_PECore_PECoreRun_mem_array_h_ln126_assert_bank_sel_lt_NumBanks_and_bankindexoutofbounds: Antecedent of the implication never satisfied.
"concat_sim_Top.v", 92021: sc_main.tb.dut.ccs_rtl.dut_inst.PEPartition_1.pemodule_inst.pecore_inst.PECore_PECoreRun_inst.weight_mem_banks_load_store_for_2_PECore_PECoreRun_mem_array_h_ln127_assert_idx_lt_NumEntriesPerBank_and_localindexoutofbounds: Antecedent of the implication never satisfied.
"concat_sim_Top.v", 92043: sc_main.tb.dut.ccs_rtl.dut_inst.PEPartition_1.pemodule_inst.pecore_inst.PECore_PECoreRun_inst.weight_mem_banks_load_store_for_3_PECore_PECoreRun_mem_array_h_ln126_assert_bank_sel_lt_NumBanks_and_bankindexoutofbounds: Antecedent of the implication never satisfied.
"concat_sim_Top.v", 92048: sc_main.tb.dut.ccs_rtl.dut_inst.PEPartition_1.pemodule_inst.pecore_inst.PECore_PECoreRun_inst.weight_mem_banks_load_store_for_3_PECore_PECoreRun_mem_array_h_ln127_assert_idx_lt_NumEntriesPerBank_and_localindexoutofbounds: Antecedent of the implication never satisfied.
"concat_sim_Top.v", 92070: sc_main.tb.dut.ccs_rtl.dut_inst.PEPartition_1.pemodule_inst.pecore_inst.PECore_PECoreRun_inst.weight_mem_banks_load_store_for_4_PECore_PECoreRun_mem_array_h_ln126_assert_bank_sel_lt_NumBanks_and_bankindexoutofbounds: Antecedent of the implication never satisfied.
"concat_sim_Top.v", 92075: sc_main.tb.dut.ccs_rtl.dut_inst.PEPartition_1.pemodule_inst.pecore_inst.PECore_PECoreRun_inst.weight_mem_banks_load_store_for_4_PECore_PECoreRun_mem_array_h_ln127_assert_idx_lt_NumEntriesPerBank_and_localindexoutofbounds: Antecedent of the implication never satisfied.
"concat_sim_Top.v", 92097: sc_main.tb.dut.ccs_rtl.dut_inst.PEPartition_1.pemodule_inst.pecore_inst.PECore_PECoreRun_inst.weight_mem_banks_load_store_for_5_PECore_PECoreRun_mem_array_h_ln126_assert_bank_sel_lt_NumBanks_and_bankindexoutofbounds: Antecedent of the implication never satisfied.
"concat_sim_Top.v", 92102: sc_main.tb.dut.ccs_rtl.dut_inst.PEPartition_1.pemodule_inst.pecore_inst.PECore_PECoreRun_inst.weight_mem_banks_load_store_for_5_PECore_PECoreRun_mem_array_h_ln127_assert_idx_lt_NumEntriesPerBank_and_localindexoutofbounds: Antecedent of the implication never satisfied.
"concat_sim_Top.v", 92124: sc_main.tb.dut.ccs_rtl.dut_inst.PEPartition_1.pemodule_inst.pecore_inst.PECore_PECoreRun_inst.weight_mem_banks_load_store_for_6_PECore_PECoreRun_mem_array_h_ln126_assert_bank_sel_lt_NumBanks_and_bankindexoutofbounds: Antecedent of the implication never satisfied.
"concat_sim_Top.v", 92129: sc_main.tb.dut.ccs_rtl.dut_inst.PEPartition_1.pemodule_inst.pecore_inst.PECore_PECoreRun_inst.weight_mem_banks_load_store_for_6_PECore_PECoreRun_mem_array_h_ln127_assert_idx_lt_NumEntriesPerBank_and_localindexoutofbounds: Antecedent of the implication never satisfied.
"concat_sim_Top.v", 92151: sc_main.tb.dut.ccs_rtl.dut_inst.PEPartition_1.pemodule_inst.pecore_inst.PECore_PECoreRun_inst.weight_mem_banks_load_store_for_7_PECore_PECoreRun_mem_array_h_ln126_assert_bank_sel_lt_NumBanks_and_bankindexoutofbounds: Antecedent of the implication never satisfied.
"concat_sim_Top.v", 92156: sc_main.tb.dut.ccs_rtl.dut_inst.PEPartition_1.pemodule_inst.pecore_inst.PECore_PECoreRun_inst.weight_mem_banks_load_store_for_7_PECore_PECoreRun_mem_array_h_ln127_assert_idx_lt_NumEntriesPerBank_and_localindexoutofbounds: Antecedent of the implication never satisfied.
"concat_sim_Top.v", 92178: sc_main.tb.dut.ccs_rtl.dut_inst.PEPartition_1.pemodule_inst.pecore_inst.PECore_PECoreRun_inst.weight_mem_banks_load_store_for_8_PECore_PECoreRun_mem_array_h_ln126_assert_bank_sel_lt_NumBanks_and_bankindexoutofbounds: Antecedent of the implication never satisfied.
"concat_sim_Top.v", 92183: sc_main.tb.dut.ccs_rtl.dut_inst.PEPartition_1.pemodule_inst.pecore_inst.PECore_PECoreRun_inst.weight_mem_banks_load_store_for_8_PECore_PECoreRun_mem_array_h_ln127_assert_idx_lt_NumEntriesPerBank_and_localindexoutofbounds: Antecedent of the implication never satisfied.
"concat_sim_Top.v", 92205: sc_main.tb.dut.ccs_rtl.dut_inst.PEPartition_1.pemodule_inst.pecore_inst.PECore_PECoreRun_inst.weight_mem_banks_load_store_for_9_PECore_PECoreRun_mem_array_h_ln126_assert_bank_sel_lt_NumBanks_and_bankindexoutofbounds: Antecedent of the implication never satisfied.
"concat_sim_Top.v", 92210: sc_main.tb.dut.ccs_rtl.dut_inst.PEPartition_1.pemodule_inst.pecore_inst.PECore_PECoreRun_inst.weight_mem_banks_load_store_for_9_PECore_PECoreRun_mem_array_h_ln127_assert_idx_lt_NumEntriesPerBank_and_localindexoutofbounds: Antecedent of the implication never satisfied.
"concat_sim_Top.v", 92232: sc_main.tb.dut.ccs_rtl.dut_inst.PEPartition_1.pemodule_inst.pecore_inst.PECore_PECoreRun_inst.weight_mem_banks_load_store_for_10_PECore_PECoreRun_mem_array_h_ln126_assert_bank_sel_lt_NumBanks_and_bankindexoutofbounds: Antecedent of the implication never satisfied.
"concat_sim_Top.v", 92237: sc_main.tb.dut.ccs_rtl.dut_inst.PEPartition_1.pemodule_inst.pecore_inst.PECore_PECoreRun_inst.weight_mem_banks_load_store_for_10_PECore_PECoreRun_mem_array_h_ln127_assert_idx_lt_NumEntriesPerBank_and_localindexoutofbounds: Antecedent of the implication never satisfied.
"concat_sim_Top.v", 92259: sc_main.tb.dut.ccs_rtl.dut_inst.PEPartition_1.pemodule_inst.pecore_inst.PECore_PECoreRun_inst.weight_mem_banks_load_store_for_11_PECore_PECoreRun_mem_array_h_ln126_assert_bank_sel_lt_NumBanks_and_bankindexoutofbounds: Antecedent of the implication never satisfied.
"concat_sim_Top.v", 92264: sc_main.tb.dut.ccs_rtl.dut_inst.PEPartition_1.pemodule_inst.pecore_inst.PECore_PECoreRun_inst.weight_mem_banks_load_store_for_11_PECore_PECoreRun_mem_array_h_ln127_assert_idx_lt_NumEntriesPerBank_and_localindexoutofbounds: Antecedent of the implication never satisfied.
"concat_sim_Top.v", 92286: sc_main.tb.dut.ccs_rtl.dut_inst.PEPartition_1.pemodule_inst.pecore_inst.PECore_PECoreRun_inst.weight_mem_banks_load_store_for_12_PECore_PECoreRun_mem_array_h_ln126_assert_bank_sel_lt_NumBanks_and_bankindexoutofbounds: Antecedent of the implication never satisfied.
"concat_sim_Top.v", 92291: sc_main.tb.dut.ccs_rtl.dut_inst.PEPartition_1.pemodule_inst.pecore_inst.PECore_PECoreRun_inst.weight_mem_banks_load_store_for_12_PECore_PECoreRun_mem_array_h_ln127_assert_idx_lt_NumEntriesPerBank_and_localindexoutofbounds: Antecedent of the implication never satisfied.
"concat_sim_Top.v", 92313: sc_main.tb.dut.ccs_rtl.dut_inst.PEPartition_1.pemodule_inst.pecore_inst.PECore_PECoreRun_inst.weight_mem_banks_load_store_for_13_PECore_PECoreRun_mem_array_h_ln126_assert_bank_sel_lt_NumBanks_and_bankindexoutofbounds: Antecedent of the implication never satisfied.
"concat_sim_Top.v", 92318: sc_main.tb.dut.ccs_rtl.dut_inst.PEPartition_1.pemodule_inst.pecore_inst.PECore_PECoreRun_inst.weight_mem_banks_load_store_for_13_PECore_PECoreRun_mem_array_h_ln127_assert_idx_lt_NumEntriesPerBank_and_localindexoutofbounds: Antecedent of the implication never satisfied.
"concat_sim_Top.v", 92340: sc_main.tb.dut.ccs_rtl.dut_inst.PEPartition_1.pemodule_inst.pecore_inst.PECore_PECoreRun_inst.weight_mem_banks_load_store_for_14_PECore_PECoreRun_mem_array_h_ln126_assert_bank_sel_lt_NumBanks_and_bankindexoutofbounds: Antecedent of the implication never satisfied.
"concat_sim_Top.v", 92345: sc_main.tb.dut.ccs_rtl.dut_inst.PEPartition_1.pemodule_inst.pecore_inst.PECore_PECoreRun_inst.weight_mem_banks_load_store_for_14_PECore_PECoreRun_mem_array_h_ln127_assert_idx_lt_NumEntriesPerBank_and_localindexoutofbounds: Antecedent of the implication never satisfied.
"concat_sim_Top.v", 92367: sc_main.tb.dut.ccs_rtl.dut_inst.PEPartition_1.pemodule_inst.pecore_inst.PECore_PECoreRun_inst.weight_mem_banks_load_store_for_15_PECore_PECoreRun_mem_array_h_ln126_assert_bank_sel_lt_NumBanks_and_bankindexoutofbounds: Antecedent of the implication never satisfied.
"concat_sim_Top.v", 92372: sc_main.tb.dut.ccs_rtl.dut_inst.PEPartition_1.pemodule_inst.pecore_inst.PECore_PECoreRun_inst.weight_mem_banks_load_store_for_15_PECore_PECoreRun_mem_array_h_ln127_assert_idx_lt_NumEntriesPerBank_and_localindexoutofbounds: Antecedent of the implication never satisfied.
"concat_sim_Top.v", 92394: sc_main.tb.dut.ccs_rtl.dut_inst.PEPartition_1.pemodule_inst.pecore_inst.PECore_PECoreRun_inst.weight_mem_banks_load_store_for_16_PECore_PECoreRun_mem_array_h_ln126_assert_bank_sel_lt_NumBanks_and_bankindexoutofbounds: Antecedent of the implication never satisfied.
"concat_sim_Top.v", 92399: sc_main.tb.dut.ccs_rtl.dut_inst.PEPartition_1.pemodule_inst.pecore_inst.PECore_PECoreRun_inst.weight_mem_banks_load_store_for_16_PECore_PECoreRun_mem_array_h_ln127_assert_idx_lt_NumEntriesPerBank_and_localindexoutofbounds: Antecedent of the implication never satisfied.
"concat_sim_Top.v", 92431: sc_main.tb.dut.ccs_rtl.dut_inst.PEPartition_1.pemodule_inst.pecore_inst.PECore_PECoreRun_inst.PECore_PECoreRun_mem_array_h_ln146_assert_bank_sel_lt_NumBanks_and_bankindexoutofbounds_1: Antecedent of the implication never satisfied.
"concat_sim_Top.v", 92437: sc_main.tb.dut.ccs_rtl.dut_inst.PEPartition_1.pemodule_inst.pecore_inst.PECore_PECoreRun_inst.PECore_PECoreRun_mem_array_h_ln147_assert_idx_lt_NumEntriesPerBank_and_localindexoutofbounds_1: Antecedent of the implication never satisfied.
"concat_sim_Top.v", 92442: sc_main.tb.dut.ccs_rtl.dut_inst.PEPartition_1.pemodule_inst.pecore_inst.PECore_PECoreRun_inst.PECore_PECoreRun_ArbitratedScratchpadDP_h_ln196_assert_bankread_req_validOS_bank_CS_eq_false_and_Bankreadandwritevalidcannotbetruesimultaneouslyforsingle_m_portRAM_1: Antecedent of the implication never satisfied.
"concat_sim_Top.v", 183613: sc_main.tb.dut.ccs_rtl.dut_inst.gb_inst.gbmodule_inst.gbcore_inst.GBCore_GBCoreRun_inst.large_mem_banks_load_store_for_3_GBCore_GBCoreRun_mem_array_h_ln146_assert_bank_sel_lt_NumBanks_and_bankindexoutofbounds: Antecedent of the implication never satisfied.
"concat_sim_Top.v", 183619: sc_main.tb.dut.ccs_rtl.dut_inst.gb_inst.gbmodule_inst.gbcore_inst.GBCore_GBCoreRun_inst.large_mem_banks_load_store_for_3_GBCore_GBCoreRun_mem_array_h_ln147_assert_idx_lt_NumEntriesPerBank_and_localindexoutofbounds: Antecedent of the implication never satisfied.
"concat_sim_Top.v", 183624: sc_main.tb.dut.ccs_rtl.dut_inst.gb_inst.gbmodule_inst.gbcore_inst.GBCore_GBCoreRun_inst.large_mem_banks_load_store_for_3_GBCore_GBCoreRun_ArbitratedScratchpadDP_h_ln196_assert_bankread_req_validOS_bank_CS_eq_false_and_Bankreadandwritevalidcannotbetruesimultaneouslyforsingle_m_portRAM: Antecedent of the implication never satisfied.
"concat_sim_Top.v", 183630: sc_main.tb.dut.ccs_rtl.dut_inst.gb_inst.gbmodule_inst.gbcore_inst.GBCore_GBCoreRun_inst.large_mem_banks_load_store_for_3_GBCore_GBCoreRun_mem_array_h_ln126_assert_bank_sel_lt_NumBanks_and_bankindexoutofbounds: Antecedent of the implication never satisfied.
"concat_sim_Top.v", 183635: sc_main.tb.dut.ccs_rtl.dut_inst.gb_inst.gbmodule_inst.gbcore_inst.GBCore_GBCoreRun_inst.large_mem_banks_load_store_for_3_GBCore_GBCoreRun_mem_array_h_ln127_assert_idx_lt_NumEntriesPerBank_and_localindexoutofbounds: Antecedent of the implication never satisfied.
"concat_sim_Top.v", 183640: sc_main.tb.dut.ccs_rtl.dut_inst.gb_inst.gbmodule_inst.gbcore_inst.GBCore_GBCoreRun_inst.large_mem_banks_load_store_for_4_GBCore_GBCoreRun_mem_array_h_ln146_assert_bank_sel_lt_NumBanks_and_bankindexoutofbounds: Antecedent of the implication never satisfied.
"concat_sim_Top.v", 183646: sc_main.tb.dut.ccs_rtl.dut_inst.gb_inst.gbmodule_inst.gbcore_inst.GBCore_GBCoreRun_inst.large_mem_banks_load_store_for_4_GBCore_GBCoreRun_mem_array_h_ln147_assert_idx_lt_NumEntriesPerBank_and_localindexoutofbounds: Antecedent of the implication never satisfied.
"concat_sim_Top.v", 183651: sc_main.tb.dut.ccs_rtl.dut_inst.gb_inst.gbmodule_inst.gbcore_inst.GBCore_GBCoreRun_inst.large_mem_banks_load_store_for_4_GBCore_GBCoreRun_ArbitratedScratchpadDP_h_ln196_assert_bankread_req_validOS_bank_CS_eq_false_and_Bankreadandwritevalidcannotbetruesimultaneouslyforsingle_m_portRAM: Antecedent of the implication never satisfied.
"concat_sim_Top.v", 183657: sc_main.tb.dut.ccs_rtl.dut_inst.gb_inst.gbmodule_inst.gbcore_inst.GBCore_GBCoreRun_inst.large_mem_banks_load_store_for_4_GBCore_GBCoreRun_mem_array_h_ln126_assert_bank_sel_lt_NumBanks_and_bankindexoutofbounds: Antecedent of the implication never satisfied.
"concat_sim_Top.v", 183662: sc_main.tb.dut.ccs_rtl.dut_inst.gb_inst.gbmodule_inst.gbcore_inst.GBCore_GBCoreRun_inst.large_mem_banks_load_store_for_4_GBCore_GBCoreRun_mem_array_h_ln127_assert_idx_lt_NumEntriesPerBank_and_localindexoutofbounds: Antecedent of the implication never satisfied.
"concat_sim_Top.v", 183667: sc_main.tb.dut.ccs_rtl.dut_inst.gb_inst.gbmodule_inst.gbcore_inst.GBCore_GBCoreRun_inst.large_mem_banks_load_store_for_5_GBCore_GBCoreRun_mem_array_h_ln146_assert_bank_sel_lt_NumBanks_and_bankindexoutofbounds: Antecedent of the implication never satisfied.
"concat_sim_Top.v", 183673: sc_main.tb.dut.ccs_rtl.dut_inst.gb_inst.gbmodule_inst.gbcore_inst.GBCore_GBCoreRun_inst.large_mem_banks_load_store_for_5_GBCore_GBCoreRun_mem_array_h_ln147_assert_idx_lt_NumEntriesPerBank_and_localindexoutofbounds: Antecedent of the implication never satisfied.
"concat_sim_Top.v", 183678: sc_main.tb.dut.ccs_rtl.dut_inst.gb_inst.gbmodule_inst.gbcore_inst.GBCore_GBCoreRun_inst.large_mem_banks_load_store_for_5_GBCore_GBCoreRun_ArbitratedScratchpadDP_h_ln196_assert_bankread_req_validOS_bank_CS_eq_false_and_Bankreadandwritevalidcannotbetruesimultaneouslyforsingle_m_portRAM: Antecedent of the implication never satisfied.
"concat_sim_Top.v", 183684: sc_main.tb.dut.ccs_rtl.dut_inst.gb_inst.gbmodule_inst.gbcore_inst.GBCore_GBCoreRun_inst.large_mem_banks_load_store_for_5_GBCore_GBCoreRun_mem_array_h_ln126_assert_bank_sel_lt_NumBanks_and_bankindexoutofbounds: Antecedent of the implication never satisfied.
"concat_sim_Top.v", 183689: sc_main.tb.dut.ccs_rtl.dut_inst.gb_inst.gbmodule_inst.gbcore_inst.GBCore_GBCoreRun_inst.large_mem_banks_load_store_for_5_GBCore_GBCoreRun_mem_array_h_ln127_assert_idx_lt_NumEntriesPerBank_and_localindexoutofbounds: Antecedent of the implication never satisfied.
"concat_sim_Top.v", 183694: sc_main.tb.dut.ccs_rtl.dut_inst.gb_inst.gbmodule_inst.gbcore_inst.GBCore_GBCoreRun_inst.large_mem_banks_load_store_for_6_GBCore_GBCoreRun_mem_array_h_ln146_assert_bank_sel_lt_NumBanks_and_bankindexoutofbounds: Antecedent of the implication never satisfied.
"concat_sim_Top.v", 183700: sc_main.tb.dut.ccs_rtl.dut_inst.gb_inst.gbmodule_inst.gbcore_inst.GBCore_GBCoreRun_inst.large_mem_banks_load_store_for_6_GBCore_GBCoreRun_mem_array_h_ln147_assert_idx_lt_NumEntriesPerBank_and_localindexoutofbounds: Antecedent of the implication never satisfied.
"concat_sim_Top.v", 183705: sc_main.tb.dut.ccs_rtl.dut_inst.gb_inst.gbmodule_inst.gbcore_inst.GBCore_GBCoreRun_inst.large_mem_banks_load_store_for_6_GBCore_GBCoreRun_ArbitratedScratchpadDP_h_ln196_assert_bankread_req_validOS_bank_CS_eq_false_and_Bankreadandwritevalidcannotbetruesimultaneouslyforsingle_m_portRAM: Antecedent of the implication never satisfied.
"concat_sim_Top.v", 183711: sc_main.tb.dut.ccs_rtl.dut_inst.gb_inst.gbmodule_inst.gbcore_inst.GBCore_GBCoreRun_inst.large_mem_banks_load_store_for_6_GBCore_GBCoreRun_mem_array_h_ln126_assert_bank_sel_lt_NumBanks_and_bankindexoutofbounds: Antecedent of the implication never satisfied.
"concat_sim_Top.v", 183716: sc_main.tb.dut.ccs_rtl.dut_inst.gb_inst.gbmodule_inst.gbcore_inst.GBCore_GBCoreRun_inst.large_mem_banks_load_store_for_6_GBCore_GBCoreRun_mem_array_h_ln127_assert_idx_lt_NumEntriesPerBank_and_localindexoutofbounds: Antecedent of the implication never satisfied.
"concat_sim_Top.v", 183721: sc_main.tb.dut.ccs_rtl.dut_inst.gb_inst.gbmodule_inst.gbcore_inst.GBCore_GBCoreRun_inst.large_mem_banks_load_store_for_7_GBCore_GBCoreRun_mem_array_h_ln146_assert_bank_sel_lt_NumBanks_and_bankindexoutofbounds: Antecedent of the implication never satisfied.
"concat_sim_Top.v", 183727: sc_main.tb.dut.ccs_rtl.dut_inst.gb_inst.gbmodule_inst.gbcore_inst.GBCore_GBCoreRun_inst.large_mem_banks_load_store_for_7_GBCore_GBCoreRun_mem_array_h_ln147_assert_idx_lt_NumEntriesPerBank_and_localindexoutofbounds: Antecedent of the implication never satisfied.
"concat_sim_Top.v", 183732: sc_main.tb.dut.ccs_rtl.dut_inst.gb_inst.gbmodule_inst.gbcore_inst.GBCore_GBCoreRun_inst.large_mem_banks_load_store_for_7_GBCore_GBCoreRun_ArbitratedScratchpadDP_h_ln196_assert_bankread_req_validOS_bank_CS_eq_false_and_Bankreadandwritevalidcannotbetruesimultaneouslyforsingle_m_portRAM: Antecedent of the implication never satisfied.
"concat_sim_Top.v", 183738: sc_main.tb.dut.ccs_rtl.dut_inst.gb_inst.gbmodule_inst.gbcore_inst.GBCore_GBCoreRun_inst.large_mem_banks_load_store_for_7_GBCore_GBCoreRun_mem_array_h_ln126_assert_bank_sel_lt_NumBanks_and_bankindexoutofbounds: Antecedent of the implication never satisfied.
"concat_sim_Top.v", 183743: sc_main.tb.dut.ccs_rtl.dut_inst.gb_inst.gbmodule_inst.gbcore_inst.GBCore_GBCoreRun_inst.large_mem_banks_load_store_for_7_GBCore_GBCoreRun_mem_array_h_ln127_assert_idx_lt_NumEntriesPerBank_and_localindexoutofbounds: Antecedent of the implication never satisfied.
"concat_sim_Top.v", 183748: sc_main.tb.dut.ccs_rtl.dut_inst.gb_inst.gbmodule_inst.gbcore_inst.GBCore_GBCoreRun_inst.large_mem_banks_load_store_for_8_GBCore_GBCoreRun_mem_array_h_ln146_assert_bank_sel_lt_NumBanks_and_bankindexoutofbounds: Antecedent of the implication never satisfied.
"concat_sim_Top.v", 183754: sc_main.tb.dut.ccs_rtl.dut_inst.gb_inst.gbmodule_inst.gbcore_inst.GBCore_GBCoreRun_inst.large_mem_banks_load_store_for_8_GBCore_GBCoreRun_mem_array_h_ln147_assert_idx_lt_NumEntriesPerBank_and_localindexoutofbounds: Antecedent of the implication never satisfied.
"concat_sim_Top.v", 183759: sc_main.tb.dut.ccs_rtl.dut_inst.gb_inst.gbmodule_inst.gbcore_inst.GBCore_GBCoreRun_inst.large_mem_banks_load_store_for_8_GBCore_GBCoreRun_ArbitratedScratchpadDP_h_ln196_assert_bankread_req_validOS_bank_CS_eq_false_and_Bankreadandwritevalidcannotbetruesimultaneouslyforsingle_m_portRAM: Antecedent of the implication never satisfied.
"concat_sim_Top.v", 183765: sc_main.tb.dut.ccs_rtl.dut_inst.gb_inst.gbmodule_inst.gbcore_inst.GBCore_GBCoreRun_inst.large_mem_banks_load_store_for_8_GBCore_GBCoreRun_mem_array_h_ln126_assert_bank_sel_lt_NumBanks_and_bankindexoutofbounds: Antecedent of the implication never satisfied.
"concat_sim_Top.v", 183770: sc_main.tb.dut.ccs_rtl.dut_inst.gb_inst.gbmodule_inst.gbcore_inst.GBCore_GBCoreRun_inst.large_mem_banks_load_store_for_8_GBCore_GBCoreRun_mem_array_h_ln127_assert_idx_lt_NumEntriesPerBank_and_localindexoutofbounds: Antecedent of the implication never satisfied.
"concat_sim_Top.v", 183775: sc_main.tb.dut.ccs_rtl.dut_inst.gb_inst.gbmodule_inst.gbcore_inst.GBCore_GBCoreRun_inst.large_mem_banks_load_store_for_9_GBCore_GBCoreRun_mem_array_h_ln146_assert_bank_sel_lt_NumBanks_and_bankindexoutofbounds: Antecedent of the implication never satisfied.
"concat_sim_Top.v", 183781: sc_main.tb.dut.ccs_rtl.dut_inst.gb_inst.gbmodule_inst.gbcore_inst.GBCore_GBCoreRun_inst.large_mem_banks_load_store_for_9_GBCore_GBCoreRun_mem_array_h_ln147_assert_idx_lt_NumEntriesPerBank_and_localindexoutofbounds: Antecedent of the implication never satisfied.
"concat_sim_Top.v", 183786: sc_main.tb.dut.ccs_rtl.dut_inst.gb_inst.gbmodule_inst.gbcore_inst.GBCore_GBCoreRun_inst.large_mem_banks_load_store_for_9_GBCore_GBCoreRun_ArbitratedScratchpadDP_h_ln196_assert_bankread_req_validOS_bank_CS_eq_false_and_Bankreadandwritevalidcannotbetruesimultaneouslyforsingle_m_portRAM: Antecedent of the implication never satisfied.
"concat_sim_Top.v", 183792: sc_main.tb.dut.ccs_rtl.dut_inst.gb_inst.gbmodule_inst.gbcore_inst.GBCore_GBCoreRun_inst.large_mem_banks_load_store_for_9_GBCore_GBCoreRun_mem_array_h_ln126_assert_bank_sel_lt_NumBanks_and_bankindexoutofbounds: Antecedent of the implication never satisfied.
"concat_sim_Top.v", 183797: sc_main.tb.dut.ccs_rtl.dut_inst.gb_inst.gbmodule_inst.gbcore_inst.GBCore_GBCoreRun_inst.large_mem_banks_load_store_for_9_GBCore_GBCoreRun_mem_array_h_ln127_assert_idx_lt_NumEntriesPerBank_and_localindexoutofbounds: Antecedent of the implication never satisfied.
"concat_sim_Top.v", 183802: sc_main.tb.dut.ccs_rtl.dut_inst.gb_inst.gbmodule_inst.gbcore_inst.GBCore_GBCoreRun_inst.large_mem_banks_load_store_for_10_GBCore_GBCoreRun_mem_array_h_ln146_assert_bank_sel_lt_NumBanks_and_bankindexoutofbounds: Antecedent of the implication never satisfied.
"concat_sim_Top.v", 183808: sc_main.tb.dut.ccs_rtl.dut_inst.gb_inst.gbmodule_inst.gbcore_inst.GBCore_GBCoreRun_inst.large_mem_banks_load_store_for_10_GBCore_GBCoreRun_mem_array_h_ln147_assert_idx_lt_NumEntriesPerBank_and_localindexoutofbounds: Antecedent of the implication never satisfied.
"concat_sim_Top.v", 183813: sc_main.tb.dut.ccs_rtl.dut_inst.gb_inst.gbmodule_inst.gbcore_inst.GBCore_GBCoreRun_inst.large_mem_banks_load_store_for_10_GBCore_GBCoreRun_ArbitratedScratchpadDP_h_ln196_assert_bankread_req_validOS_bank_CS_eq_false_and_Bankreadandwritevalidcannotbetruesimultaneouslyforsingle_m_portRAM: Antecedent of the implication never satisfied.
"concat_sim_Top.v", 183819: sc_main.tb.dut.ccs_rtl.dut_inst.gb_inst.gbmodule_inst.gbcore_inst.GBCore_GBCoreRun_inst.large_mem_banks_load_store_for_10_GBCore_GBCoreRun_mem_array_h_ln126_assert_bank_sel_lt_NumBanks_and_bankindexoutofbounds: Antecedent of the implication never satisfied.
"concat_sim_Top.v", 183824: sc_main.tb.dut.ccs_rtl.dut_inst.gb_inst.gbmodule_inst.gbcore_inst.GBCore_GBCoreRun_inst.large_mem_banks_load_store_for_10_GBCore_GBCoreRun_mem_array_h_ln127_assert_idx_lt_NumEntriesPerBank_and_localindexoutofbounds: Antecedent of the implication never satisfied.
"concat_sim_Top.v", 183829: sc_main.tb.dut.ccs_rtl.dut_inst.gb_inst.gbmodule_inst.gbcore_inst.GBCore_GBCoreRun_inst.large_mem_banks_load_store_for_11_GBCore_GBCoreRun_mem_array_h_ln146_assert_bank_sel_lt_NumBanks_and_bankindexoutofbounds: Antecedent of the implication never satisfied.
"concat_sim_Top.v", 183835: sc_main.tb.dut.ccs_rtl.dut_inst.gb_inst.gbmodule_inst.gbcore_inst.GBCore_GBCoreRun_inst.large_mem_banks_load_store_for_11_GBCore_GBCoreRun_mem_array_h_ln147_assert_idx_lt_NumEntriesPerBank_and_localindexoutofbounds: Antecedent of the implication never satisfied.
"concat_sim_Top.v", 183840: sc_main.tb.dut.ccs_rtl.dut_inst.gb_inst.gbmodule_inst.gbcore_inst.GBCore_GBCoreRun_inst.large_mem_banks_load_store_for_11_GBCore_GBCoreRun_ArbitratedScratchpadDP_h_ln196_assert_bankread_req_validOS_bank_CS_eq_false_and_Bankreadandwritevalidcannotbetruesimultaneouslyforsingle_m_portRAM: Antecedent of the implication never satisfied.
"concat_sim_Top.v", 183846: sc_main.tb.dut.ccs_rtl.dut_inst.gb_inst.gbmodule_inst.gbcore_inst.GBCore_GBCoreRun_inst.large_mem_banks_load_store_for_11_GBCore_GBCoreRun_mem_array_h_ln126_assert_bank_sel_lt_NumBanks_and_bankindexoutofbounds: Antecedent of the implication never satisfied.
"concat_sim_Top.v", 183851: sc_main.tb.dut.ccs_rtl.dut_inst.gb_inst.gbmodule_inst.gbcore_inst.GBCore_GBCoreRun_inst.large_mem_banks_load_store_for_11_GBCore_GBCoreRun_mem_array_h_ln127_assert_idx_lt_NumEntriesPerBank_and_localindexoutofbounds: Antecedent of the implication never satisfied.
"concat_sim_Top.v", 183856: sc_main.tb.dut.ccs_rtl.dut_inst.gb_inst.gbmodule_inst.gbcore_inst.GBCore_GBCoreRun_inst.large_mem_banks_load_store_for_12_GBCore_GBCoreRun_mem_array_h_ln146_assert_bank_sel_lt_NumBanks_and_bankindexoutofbounds: Antecedent of the implication never satisfied.
"concat_sim_Top.v", 183862: sc_main.tb.dut.ccs_rtl.dut_inst.gb_inst.gbmodule_inst.gbcore_inst.GBCore_GBCoreRun_inst.large_mem_banks_load_store_for_12_GBCore_GBCoreRun_mem_array_h_ln147_assert_idx_lt_NumEntriesPerBank_and_localindexoutofbounds: Antecedent of the implication never satisfied.
"concat_sim_Top.v", 183867: sc_main.tb.dut.ccs_rtl.dut_inst.gb_inst.gbmodule_inst.gbcore_inst.GBCore_GBCoreRun_inst.large_mem_banks_load_store_for_12_GBCore_GBCoreRun_ArbitratedScratchpadDP_h_ln196_assert_bankread_req_validOS_bank_CS_eq_false_and_Bankreadandwritevalidcannotbetruesimultaneouslyforsingle_m_portRAM: Antecedent of the implication never satisfied.
"concat_sim_Top.v", 183873: sc_main.tb.dut.ccs_rtl.dut_inst.gb_inst.gbmodule_inst.gbcore_inst.GBCore_GBCoreRun_inst.large_mem_banks_load_store_for_12_GBCore_GBCoreRun_mem_array_h_ln126_assert_bank_sel_lt_NumBanks_and_bankindexoutofbounds: Antecedent of the implication never satisfied.
"concat_sim_Top.v", 183878: sc_main.tb.dut.ccs_rtl.dut_inst.gb_inst.gbmodule_inst.gbcore_inst.GBCore_GBCoreRun_inst.large_mem_banks_load_store_for_12_GBCore_GBCoreRun_mem_array_h_ln127_assert_idx_lt_NumEntriesPerBank_and_localindexoutofbounds: Antecedent of the implication never satisfied.
"concat_sim_Top.v", 183883: sc_main.tb.dut.ccs_rtl.dut_inst.gb_inst.gbmodule_inst.gbcore_inst.GBCore_GBCoreRun_inst.large_mem_banks_load_store_for_13_GBCore_GBCoreRun_mem_array_h_ln146_assert_bank_sel_lt_NumBanks_and_bankindexoutofbounds: Antecedent of the implication never satisfied.
"concat_sim_Top.v", 183889: sc_main.tb.dut.ccs_rtl.dut_inst.gb_inst.gbmodule_inst.gbcore_inst.GBCore_GBCoreRun_inst.large_mem_banks_load_store_for_13_GBCore_GBCoreRun_mem_array_h_ln147_assert_idx_lt_NumEntriesPerBank_and_localindexoutofbounds: Antecedent of the implication never satisfied.
"concat_sim_Top.v", 183894: sc_main.tb.dut.ccs_rtl.dut_inst.gb_inst.gbmodule_inst.gbcore_inst.GBCore_GBCoreRun_inst.large_mem_banks_load_store_for_13_GBCore_GBCoreRun_ArbitratedScratchpadDP_h_ln196_assert_bankread_req_validOS_bank_CS_eq_false_and_Bankreadandwritevalidcannotbetruesimultaneouslyforsingle_m_portRAM: Antecedent of the implication never satisfied.
"concat_sim_Top.v", 183900: sc_main.tb.dut.ccs_rtl.dut_inst.gb_inst.gbmodule_inst.gbcore_inst.GBCore_GBCoreRun_inst.large_mem_banks_load_store_for_13_GBCore_GBCoreRun_mem_array_h_ln126_assert_bank_sel_lt_NumBanks_and_bankindexoutofbounds: Antecedent of the implication never satisfied.
"concat_sim_Top.v", 183905: sc_main.tb.dut.ccs_rtl.dut_inst.gb_inst.gbmodule_inst.gbcore_inst.GBCore_GBCoreRun_inst.large_mem_banks_load_store_for_13_GBCore_GBCoreRun_mem_array_h_ln127_assert_idx_lt_NumEntriesPerBank_and_localindexoutofbounds: Antecedent of the implication never satisfied.
"concat_sim_Top.v", 183910: sc_main.tb.dut.ccs_rtl.dut_inst.gb_inst.gbmodule_inst.gbcore_inst.GBCore_GBCoreRun_inst.large_mem_banks_load_store_for_14_GBCore_GBCoreRun_mem_array_h_ln146_assert_bank_sel_lt_NumBanks_and_bankindexoutofbounds: Antecedent of the implication never satisfied.
"concat_sim_Top.v", 183916: sc_main.tb.dut.ccs_rtl.dut_inst.gb_inst.gbmodule_inst.gbcore_inst.GBCore_GBCoreRun_inst.large_mem_banks_load_store_for_14_GBCore_GBCoreRun_mem_array_h_ln147_assert_idx_lt_NumEntriesPerBank_and_localindexoutofbounds: Antecedent of the implication never satisfied.
"concat_sim_Top.v", 183921: sc_main.tb.dut.ccs_rtl.dut_inst.gb_inst.gbmodule_inst.gbcore_inst.GBCore_GBCoreRun_inst.large_mem_banks_load_store_for_14_GBCore_GBCoreRun_ArbitratedScratchpadDP_h_ln196_assert_bankread_req_validOS_bank_CS_eq_false_and_Bankreadandwritevalidcannotbetruesimultaneouslyforsingle_m_portRAM: Antecedent of the implication never satisfied.
"concat_sim_Top.v", 183927: sc_main.tb.dut.ccs_rtl.dut_inst.gb_inst.gbmodule_inst.gbcore_inst.GBCore_GBCoreRun_inst.large_mem_banks_load_store_for_14_GBCore_GBCoreRun_mem_array_h_ln126_assert_bank_sel_lt_NumBanks_and_bankindexoutofbounds: Antecedent of the implication never satisfied.
"concat_sim_Top.v", 183932: sc_main.tb.dut.ccs_rtl.dut_inst.gb_inst.gbmodule_inst.gbcore_inst.GBCore_GBCoreRun_inst.large_mem_banks_load_store_for_14_GBCore_GBCoreRun_mem_array_h_ln127_assert_idx_lt_NumEntriesPerBank_and_localindexoutofbounds: Antecedent of the implication never satisfied.
"concat_sim_Top.v", 183937: sc_main.tb.dut.ccs_rtl.dut_inst.gb_inst.gbmodule_inst.gbcore_inst.GBCore_GBCoreRun_inst.large_mem_banks_load_store_for_15_GBCore_GBCoreRun_mem_array_h_ln146_assert_bank_sel_lt_NumBanks_and_bankindexoutofbounds: Antecedent of the implication never satisfied.
"concat_sim_Top.v", 183943: sc_main.tb.dut.ccs_rtl.dut_inst.gb_inst.gbmodule_inst.gbcore_inst.GBCore_GBCoreRun_inst.large_mem_banks_load_store_for_15_GBCore_GBCoreRun_mem_array_h_ln147_assert_idx_lt_NumEntriesPerBank_and_localindexoutofbounds: Antecedent of the implication never satisfied.
"concat_sim_Top.v", 183948: sc_main.tb.dut.ccs_rtl.dut_inst.gb_inst.gbmodule_inst.gbcore_inst.GBCore_GBCoreRun_inst.large_mem_banks_load_store_for_15_GBCore_GBCoreRun_ArbitratedScratchpadDP_h_ln196_assert_bankread_req_validOS_bank_CS_eq_false_and_Bankreadandwritevalidcannotbetruesimultaneouslyforsingle_m_portRAM: Antecedent of the implication never satisfied.
"concat_sim_Top.v", 183954: sc_main.tb.dut.ccs_rtl.dut_inst.gb_inst.gbmodule_inst.gbcore_inst.GBCore_GBCoreRun_inst.large_mem_banks_load_store_for_15_GBCore_GBCoreRun_mem_array_h_ln126_assert_bank_sel_lt_NumBanks_and_bankindexoutofbounds: Antecedent of the implication never satisfied.
"concat_sim_Top.v", 183959: sc_main.tb.dut.ccs_rtl.dut_inst.gb_inst.gbmodule_inst.gbcore_inst.GBCore_GBCoreRun_inst.large_mem_banks_load_store_for_15_GBCore_GBCoreRun_mem_array_h_ln127_assert_idx_lt_NumEntriesPerBank_and_localindexoutofbounds: Antecedent of the implication never satisfied.
"concat_sim_Top.v", 183964: sc_main.tb.dut.ccs_rtl.dut_inst.gb_inst.gbmodule_inst.gbcore_inst.GBCore_GBCoreRun_inst.large_mem_banks_load_store_for_16_GBCore_GBCoreRun_mem_array_h_ln146_assert_bank_sel_lt_NumBanks_and_bankindexoutofbounds: Antecedent of the implication never satisfied.
"concat_sim_Top.v", 183970: sc_main.tb.dut.ccs_rtl.dut_inst.gb_inst.gbmodule_inst.gbcore_inst.GBCore_GBCoreRun_inst.large_mem_banks_load_store_for_16_GBCore_GBCoreRun_mem_array_h_ln147_assert_idx_lt_NumEntriesPerBank_and_localindexoutofbounds: Antecedent of the implication never satisfied.
"concat_sim_Top.v", 183975: sc_main.tb.dut.ccs_rtl.dut_inst.gb_inst.gbmodule_inst.gbcore_inst.GBCore_GBCoreRun_inst.large_mem_banks_load_store_for_16_GBCore_GBCoreRun_ArbitratedScratchpadDP_h_ln196_assert_bankread_req_validOS_bank_CS_eq_false_and_Bankreadandwritevalidcannotbetruesimultaneouslyforsingle_m_portRAM: Antecedent of the implication never satisfied.
"concat_sim_Top.v", 183981: sc_main.tb.dut.ccs_rtl.dut_inst.gb_inst.gbmodule_inst.gbcore_inst.GBCore_GBCoreRun_inst.large_mem_banks_load_store_for_16_GBCore_GBCoreRun_mem_array_h_ln126_assert_bank_sel_lt_NumBanks_and_bankindexoutofbounds: Antecedent of the implication never satisfied.
"concat_sim_Top.v", 183986: sc_main.tb.dut.ccs_rtl.dut_inst.gb_inst.gbmodule_inst.gbcore_inst.GBCore_GBCoreRun_inst.large_mem_banks_load_store_for_16_GBCore_GBCoreRun_mem_array_h_ln127_assert_idx_lt_NumEntriesPerBank_and_localindexoutofbounds: Antecedent of the implication never satisfied.
Simulation complete, time is 393000 ps.
sysc_skeleton.v, 391 : (*vcs_systemc_2,vcs_systemc_skel*) module sc_main;
Turning FSDB off and flushing
*Verdi* : Close all FSDB Files at 393,000 ps.
Completed writing FSDB file ./default.fsdb...
           V C S   S i m u l a t i o n   R e p o r t 
Time: 393000 ps
CPU Time:      2.160 seconds;       Data structure size:  15.9Mb
Mon Mar  9 00:14:46 2026
